==========================================
Starting UNet-ResNet50 Training...
==========================================
Dataset initialized
Loading model...
Model loaded
Epoch 001/100 - Train Loss: 0.3861 - Val Dice: 0.8741
Epoch 010/100 - Train Loss: 0.1089 - Val Dice: 0.8958
Epoch 020/100 - Train Loss: 0.0915 - Val Dice: 0.8915
Epoch 030/100 - Train Loss: 0.0947 - Val Dice: 0.8957
Epoch 040/100 - Train Loss: 0.0781 - Val Dice: 0.9071
Epoch 050/100 - Train Loss: 0.0769 - Val Dice: 0.9083
Epoch 060/100 - Train Loss: 0.0758 - Val Dice: 0.9038
Epoch 070/100 - Train Loss: 0.0705 - Val Dice: 0.9046
Epoch 080/100 - Train Loss: 0.0678 - Val Dice: 0.8997
Epoch 090/100 - Train Loss: 0.0717 - Val Dice: 0.9057
Epoch 100/100 - Train Loss: 0.0662 - Val Dice: 0.9028
==========================================
UNet-ResNet50 Training Complete.
Starting Swin-UNet Training...
==========================================
=> merge config from ../Swin-Unet/configs/swin_tiny_patch4_window7_224_lite.yaml
SwinTransformerSys expand initial----depths:[2, 2, 2, 2];depths_decoder:[1, 2, 2, 2];drop_path_rate:0.2;num_classes:1
/root/miniconda/envs/vmunet/lib/python3.8/site-packages/torch/functional.py:504: UserWarning: torch.meshgrid: in an upcoming release, it will be required to pass the indexing argument. (Triggered internally at ../aten/src/ATen/native/TensorShape.cpp:3190.)
  return _VF.meshgrid(tensors, **kwargs)  # type: ignore[attr-defined]
---final upsample expand_first---
pretrained_path:pretrained_weights/swin_tiny_patch4_window7_224.pth
---start load pretrained modle of swin encoder---
Epoch 001/100 - Train Loss: 0.2285 - Val Dice: 0.8633
Epoch 010/100 - Train Loss: 0.0987 - Val Dice: 0.8927
Epoch 020/100 - Train Loss: 0.0942 - Val Dice: 0.8969
Epoch 030/100 - Train Loss: 0.0947 - Val Dice: 0.8910
Epoch 040/100 - Train Loss: 0.0886 - Val Dice: 0.8989
Epoch 050/100 - Train Loss: 0.0952 - Val Dice: 0.8961
Epoch 060/100 - Train Loss: 0.0901 - Val Dice: 0.9035
Epoch 070/100 - Train Loss: 0.0841 - Val Dice: 0.9050
Epoch 080/100 - Train Loss: 0.0825 - Val Dice: 0.9061
Epoch 090/100 - Train Loss: 0.0775 - Val Dice: 0.8916
Epoch 100/100 - Train Loss: 0.0794 - Val Dice: 0.8976
==========================================
Swin-UNet Training Complete.
Starting VM-UNet Training (Scratch)...
==========================================
Loading VM-UNet model...
==========================================
All Training Complete.
==========================================
